
========== KR ==========
  ma_touch 통과 (일봉): 9개
  └ 3법칙 (MA 안 깸):  4개  ← 더 강한 자리
  └ 2법칙 (MA 깨고 회복): 5개

=== KR 3법칙 상위 (slope_MA20 강한 순) ===
symbol   name       close   today_low        ma20  low_vs_ma20_pct  slope_ma20_pct
028260   삼성물산 494500.0000 475500.0000 469050.0000           1.3751          2.2174
026940   부국철강   2525.0000   2405.0000   2392.7000           0.5141          1.8734
161890   한국콜마  90700.0000  86000.0000  85265.0000           0.8620          0.2469
009320 아진전자부품    992.0000    944.0000    933.2000           1.1573          0.0590

========== US ==========
  ma_touch 통과 (일봉): 119개
  └ 3법칙 (MA 안 깸):  71개  ← 더 강한 자리
  └ 2법칙 (MA 깨고 회복): 48개

=== US 3법칙 상위 (slope_MA20 강한 순) ===
symbol     close  today_low      ma20  low_vs_ma20_pct  slope_ma20_pct
  VSME    1.7700     1.6530    1.6037           3.0741          6.2616
  BGDE    8.9700     8.3000    8.2475           0.6366          3.0680
  RMIX   21.3900    20.4400   20.0955           1.7143          2.4444
  SHAZ   80.7700    76.3800   76.1535           0.2974          2.2675
  GREE    1.6900     1.5600    1.5455           0.9382          2.0469
  NBIS  256.6300   252.5600  249.7005           1.1452          2.0404
  QRHC    1.3700     1.3500    1.3475           0.1855          1.8904
  VECO   75.4500    69.7200   68.6690           1.5305          1.7703
  SDGR   16.1400    15.0900   14.9970           0.6201          1.7229
  CCSI   35.0300    34.5300   34.2377           0.8536          1.5106
  BWEN    4.3100     4.2900    4.2200           1.6588          1.4911
  DWSN    4.8500     4.4000    4.3775           0.5140          1.3662
   CVV    6.7100     6.5400    6.5285           0.1762          1.2014
  MBBC   15.2500    14.4450   14.4537          -0.0605          1.1916
  FTNT  149.9300   144.6200  144.5075           0.0778          1.1663
  XTLB    2.5700     2.4100    2.3985           0.4795          1.1385
  ASML 1841.1801  1777.0400 1775.3895           0.0930          1.0646
  WING  165.4200   155.1100  153.6350           0.9601          0.9359
  CING    4.7600     4.7100    4.6733           0.7864          0.8960
  BBSI   34.0100    33.3700   33.3355           0.1035          0.8516
  VITL   10.6800    10.4300   10.3935           0.3512          0.8392
  ACLS  180.7000   169.0700  167.4925           0.9418          0.8256
 CDZIP   23.0000    22.8300   22.8049           0.1101          0.7755
  PLXS  296.7900   286.0200  285.5440           0.1667          0.7446
  UPST   32.9700    31.9300   31.7660           0.5163          0.6782
