[info] fetching KOSPI tickers from Naver (17:30:40)
[info] received 2469/2469 in 0.4s
[ok] wrote snapshot (2495 rows) -> C:\Users\user\Desktop\python_text\git\stock_total\data\cache\kr\_live_snapshot.parquet
Exception ignored in: <function _ProactorBasePipeTransport.__del__ at 0x00000255B64F8700>
Traceback (most recent call last):
  File "C:\Users\user\anaconda3\lib\asyncio\proactor_events.py", line 116, in __del__
    self.close()
  File "C:\Users\user\anaconda3\lib\asyncio\proactor_events.py", line 108, in close
    self._loop.call_soon(self._call_connection_lost, None)
  File "C:\Users\user\anaconda3\lib\asyncio\base_events.py", line 751, in call_soon
    self._check_closed()
  File "C:\Users\user\anaconda3\lib\asyncio\base_events.py", line 515, in _check_closed
    raise RuntimeError('Event loop is closed')
RuntimeError: Event loop is closed
Exception ignored in: <function _ProactorBasePipeTransport.__del__ at 0x00000255B64F8700>
Traceback (most recent call last):
  File "C:\Users\user\anaconda3\lib\asyncio\proactor_events.py", line 116, in __del__
    self.close()
  File "C:\Users\user\anaconda3\lib\asyncio\proactor_events.py", line 108, in close
    self._loop.call_soon(self._call_connection_lost, None)
  File "C:\Users\user\anaconda3\lib\asyncio\base_events.py", line 751, in call_soon
    self._check_closed()
  File "C:\Users\user\anaconda3\lib\asyncio\base_events.py", line 515, in _check_closed
    raise RuntimeError('Event loop is closed')
RuntimeError: Event loop is closed
Exception ignored in: <function _ProactorBasePipeTransport.__del__ at 0x00000255B64F8700>
Traceback (most recent call last):
  File "C:\Users\user\anaconda3\lib\asyncio\proactor_events.py", line 116, in __del__
    self.close()
  File "C:\Users\user\anaconda3\lib\asyncio\proactor_events.py", line 108, in close
    self._loop.call_soon(self._call_connection_lost, None)
  File "C:\Users\user\anaconda3\lib\asyncio\base_events.py", line 751, in call_soon
    self._check_closed()
  File "C:\Users\user\anaconda3\lib\asyncio\base_events.py", line 515, in _check_closed
    raise RuntimeError('Event loop is closed')
RuntimeError: Event loop is closed
Exception ignored in: <function _ProactorBasePipeTransport.__del__ at 0x00000255B64F8700>
Traceback (most recent call last):
  File "C:\Users\user\anaconda3\lib\asyncio\proactor_events.py", line 116, in __del__
    self.close()
  File "C:\Users\user\anaconda3\lib\asyncio\proactor_events.py", line 108, in close
    self._loop.call_soon(self._call_connection_lost, None)
  File "C:\Users\user\anaconda3\lib\asyncio\base_events.py", line 751, in call_soon
    self._check_closed()
  File "C:\Users\user\anaconda3\lib\asyncio\base_events.py", line 515, in _check_closed
    raise RuntimeError('Event loop is closed')
RuntimeError: Event loop is closed
