total evaluations: 1875 (symbols × combos)

=== 조합별 평가 가능 수 ===
combo
1M_MA10    243
1M_MA20    140
1d_MA20    568
1w_MA10    478
1w_MA20    446

=== 조합별 verdict 분포 ===
verdict  low_a  low_r2  ma_not_rising  pass  vertex_out
combo                                                  
1M_MA10     63       6              1     3         170
1M_MA20     26       3              1     1         109
1d_MA20    471      29              2    21          45
1w_MA10    366      51              2     9          50
1w_MA20    339      31              1    13          62

=== 1법칙 후보 ===
  pass (모두):          47
  pass + |gap|≤10.0%:  16

=== 1d_MA20  후보 (n=12) ===
      symbol  last_date   close      ma  px_vs_ma_pct   a_pct   b_pct  vertex_pos  ma_slope_last3_pct      r2
      IPUSDT 2026-06-26 +0.3440 +0.3141       +9.5193 +0.1949 -2.8508     +0.8126             +1.5191 +0.9906
     EULUSDT 2026-06-26 +1.0260 +0.9789       +4.8115 +0.1592 -2.1375     +0.7457             +1.3354 +0.9777
     SEIUSDT 2026-06-26 +0.0537 +0.0530       +1.4361 +0.1578 -2.0189     +0.7110             +1.6459 +0.9575
   POWERUSDT 2026-06-26 +0.0815 +0.0811       +0.3913 +0.1516 -0.8638     +0.3165             +2.6464 +0.9791
     XANUSDT 2026-06-26 +0.0101 +0.0093       +8.3172 +0.1502 -1.2500     +0.4623             +2.2511 +0.9740
FARTCOINUSDT 2026-06-26 +0.1218 +0.1228       -0.7861 +0.1499 -1.9995     +0.7410             +1.2036 +0.9921
   LAYERUSDT 2026-06-26 +0.0658 +0.0677       -2.7529 +0.1358 -1.8873     +0.7720             +0.2994 +0.9927
     INXUSDT 2026-06-26 +0.0085 +0.0080       +6.2691 +0.1339 -1.4377     +0.5964             +1.9727 +0.9502
  PIPPINUSDT 2026-06-26 +0.0167 +0.0182       -8.4942 +0.1304 -1.3031     +0.5551             +1.6300 +0.9830
  POPCATUSDT 2026-06-26 +0.0451 +0.0435       +3.6688 +0.1196 -1.4528     +0.6747             +1.0036 +0.9896
  SAPIENUSDT 2026-06-26 +0.0803 +0.0808       -0.6940 +0.1078 -1.4374     +0.7409             +0.8112 +0.9969
    FIDAUSDT 2026-06-26 +0.0226 +0.0229       -1.2836 +0.1042 -0.9734     +0.5191             +0.8491 +0.9162

=== 1w_MA10  후보 (n=2) ===
  symbol  last_date   close      ma  px_vs_ma_pct   a_pct   b_pct  vertex_pos  ma_slope_last3_pct      r2
 BANUSDT 2026-06-22 +0.0736 +0.0768       -4.2723 +0.6135 -6.7492     +0.6111             +0.6325 +0.8991
XPINUSDT 2026-06-22 +0.0014 +0.0013       +6.9590 +0.2804 -2.5672     +0.5086             +2.3772 +0.9553

=== 1w_MA20  후보 (n=2) ===
 symbol  last_date     close        ma  px_vs_ma_pct   a_pct   b_pct  vertex_pos  ma_slope_last3_pct      r2
APPUSDT 2026-06-22 +442.2100 +458.4415       -3.5406 +0.2148 -2.9529     +0.7639             +0.2824 +0.9896
XLMUSDT 2026-06-22   +0.1776   +0.1717       +3.4635 +0.2060 -2.5350     +0.6835             +1.5141 +0.9597

=== 1M_MA10  후보 (n=0) ===
(none)

=== 1M_MA20  후보 (n=0) ===
(none)

=== 2개 이상 조합 동시 통과 (멀티 TF 정합) ===
(none)

saved: C:\Users\user\Desktop\python_text\git\stock_total\scripts\out\_probe_granville1_all_tf_today.csv
