[kr] symbols=921, failed_load=0, rows=4571

========== KR ==========
=== 조합별 평가 가능 수 ===
combo
1M_MA10    911
1M_MA20    900
1d_MA20    921
1w_MA10    920
1w_MA20    919

=== 조합별 verdict 분포 ===
verdict  low_a  low_r2  ma_not_rising  pass  vertex_out
combo                                                  
1M_MA10    571     129             13    13         185
1M_MA20    532     110             13    39         206
1d_MA20    852      58              0     2           9
1w_MA10    752     103              6     5          54
1w_MA20    830      63              0     1          25

=== 1법칙 후보 ===
  pass (모두):          60
  pass + |gap|≤10.0%:  20

=== 1d_MA20  후보 (n=0, top 0) ===
(none)

=== 1w_MA10  후보 (n=4, top 4) ===
symbol  last_date        close           ma  px_vs_ma_pct   a_pct   b_pct  vertex_pos  ma_slope_last3_pct      r2
009420 2026-06-28  +57800.0000  +52690.0000       +9.6982 +0.2493 -2.5582     +0.5702             +2.4998 +0.9033
244920 2026-06-28  +10830.0000  +10532.0000       +2.8295 +0.2301 -3.4910     +0.8430             +0.0570 +0.9938
180640 2026-06-28 +115200.0000 +115920.0000       -0.6211 +0.2126 -2.5948     +0.6782             +0.1382 +0.9233
000815 2026-06-28 +410000.0000 +392850.0000       +4.3655 +0.1923 -1.5864     +0.4584             +2.4782 +0.9515

=== 1w_MA20  후보 (n=0, top 0) ===
(none)

=== 1M_MA10  후보 (n=4, top 4) ===
symbol  last_date      close         ma  px_vs_ma_pct   a_pct   b_pct  vertex_pos  ma_slope_last3_pct      r2
004105 2026-06-30 +3180.0000 +3454.5000       -7.9462 +0.3924 -4.9981     +0.7076             +0.9497 +0.9760
004100 2026-06-30 +2440.0000 +2537.0000       -3.8234 +0.3479 -3.4041     +0.5437             +2.6918 +0.9416
001340 2026-06-30 +6010.0000 +6323.0000       -4.9502 +0.3114 -2.5825     +0.4607             +1.9510 +0.8682
013000 2026-06-30 +1229.0000 +1193.6000       +2.9658 +0.2700 -2.7022     +0.5560             +3.3599 +0.9833

=== 1M_MA20  후보 (n=12, top 12) ===
symbol  last_date       close          ma  px_vs_ma_pct   a_pct   b_pct  vertex_pos  ma_slope_last3_pct      r2
011930 2026-06-30 +17320.0000 +17490.5000       -0.9748 +0.4594 -3.0679     +0.3710             +2.8913 +0.8832
018880 2026-06-30  +3560.0000  +3647.5000       -2.3989 +0.3053 -3.4900     +0.6350             +2.1637 +0.9618
002780 2026-06-30   +720.0000   +798.3500       -9.8140 +0.2893 -2.8907     +0.5551             +0.7128 +0.8845
000210 2026-06-30 +41250.0000 +42382.5000       -2.6721 +0.2738 -2.7106     +0.5500             +1.2724 +0.8511
088790 2026-06-30  +2150.0000  +2039.2500       +5.4309 +0.2220 -1.3698     +0.3427             +3.0705 +0.9412
008770 2026-06-30 +45950.0000 +46352.5000       -0.8683 +0.2048 -2.2906     +0.6213             +0.9419 +0.9365
161000 2026-06-30  +9200.0000 +10154.5000       -9.3998 +0.1970 -2.2026     +0.6212             +0.0296 +0.8651
077500 2026-06-30  +5850.0000  +6339.5000       -7.7214 +0.1862 -1.2344     +0.3684             +2.9140 +0.9681
010400 2026-06-30  +3325.0000  +3257.7500       +2.0643 +0.1703 -1.8681     +0.6093             +0.6799 +0.9198
001230 2026-06-30  +1692.0000  +1791.1000       -5.5329 +0.1368 -0.8466     +0.3439             +0.4543 +0.8554
002240 2026-06-30 +17150.0000 +18986.5000       -9.6727 +0.1193 -0.6756     +0.3145             +0.4683 +0.8755
009140 2026-06-30 +22300.0000 +20833.0000       +7.0417 +0.1097 -1.0249     +0.5189             +1.8081 +0.8823

=== KR 2개 이상 조합 동시 통과 (멀티 TF 정합) ===
(none)

saved: C:\Users\user\Desktop\python_text\git\stock_total\scripts\out\_probe_granville1_all_tf_today_kr.csv
[us] symbols=3914, failed_load=3, rows=16840

========== US ==========
=== 조합별 평가 가능 수 ===
combo
1M_MA10    3066
1M_MA20    2871
1d_MA20    3747
1w_MA10    3633
1w_MA20    3523

=== 조합별 verdict 분포 ===
verdict  low_a  low_r2  ma_not_rising  pass  vertex_out
combo                                                  
1M_MA10   1377     327             95   234        1033
1M_MA20   1563     222             57   155         874
1d_MA20   3151     419              5    51         121
1w_MA10   2122     526             58   187         740
1w_MA20   2599     294             17   128         485

=== 1법칙 후보 ===
  pass (모두):          755
  pass + |gap|≤10.0%:  187

=== 1d_MA20  후보 (n=13, top 13) ===
symbol  last_date    close       ma  px_vs_ma_pct   a_pct   b_pct  vertex_pos  ma_slope_last3_pct      r2
   HAO 2026-06-25  +1.0700  +1.0779       -0.7329 +0.6260 -8.8267     +0.7834             +0.4707 +0.9904
   HLP 2026-06-25  +0.5090  +0.5105       -0.2938 +0.4671 -6.3867     +0.7597             +0.6606 +0.9882
  CGTL 2026-06-25  +0.4030  +0.4229       -4.6943 +0.1960 -1.7722     +0.5022             +2.8457 +0.9268
  JUNS 2026-06-25  +0.2370  +0.2442       -2.9683 +0.1910 -2.5338     +0.7369             +0.4111 +0.9782
  STRO 2026-06-25 +29.5500 +28.1395       +5.0125 +0.1574 -1.7770     +0.6272             +0.4480 +0.9642
  LZMH 2026-06-25  +1.2800  +1.3260       -3.4691 +0.1402 -1.5866     +0.6286             +0.7599 +0.9319
   WXM 2026-06-25  +4.6000  +4.5970       +0.0653 +0.1378 -1.7708     +0.7138             +0.0762 +0.9657
  XTLB 2026-06-25  +2.5700  +2.3985       +7.1503 +0.1232 -1.1285     +0.5089             +1.1385 +0.9584
  ASBP 2026-06-25  +6.4550  +5.9828       +7.8935 +0.1213 -0.6674     +0.3057             +2.7964 +0.9924
  PERI 2026-06-25  +8.7000  +8.3405       +4.3103 +0.1129 -1.6027     +0.7889             +0.2103 +0.9872
  RCKT 2026-06-25  +3.2400  +2.9795       +8.7431 +0.1089 -0.7351     +0.3750             +0.9316 +0.8875
  GRNQ 2026-06-25  +1.5500  +1.5213       +1.8865 +0.1056 -1.1256     +0.5922             +1.2310 +0.9619
  IPHA 2026-06-25  +1.7900  +1.7885       +0.0839 +0.1045 -1.4791     +0.7861             +0.6188 +0.9745

=== 1w_MA10  후보 (n=83, top 20) ===
symbol  last_date    close       ma  px_vs_ma_pct   a_pct    b_pct  vertex_pos  ma_slope_last3_pct      r2
   BGM 2026-06-28  +0.3170  +0.3228       -1.7968 +1.6722 -24.0351     +0.7985             +0.5294 +0.9936
  ALDX 2026-06-28  +1.8000  +1.7000       +5.8824 +1.5897 -20.9042     +0.7305             +1.0702 +0.9811
  CDIO 2026-06-28  +2.0200  +1.8500       +9.1892 +1.3433 -17.8199     +0.7370             +0.8724 +0.9551
  TANH 2026-06-28  +0.3900  +0.4086       -4.5521 +0.9548 -14.2886     +0.8314             +3.4954 +0.9905
  RKTO 2026-06-28  +0.8750  +0.9574       -8.6066 +0.9446  -6.4134     +0.3772             +7.9977 +0.8910
  TVGN 2026-06-28  +9.5400  +8.7100       +9.5293 +0.9241  -5.1934     +0.3122             +7.2528 +0.8834
   NCT 2026-06-28  +2.8700  +2.8800       -0.3472 +0.9184  -9.1833     +0.5555             +7.4226 +0.9313
   DSY 2026-06-28  +2.7900  +2.5870       +7.8469 +0.8955  -9.6588     +0.5992             +6.9539 +0.8919
  LNSR 2026-06-28  +6.1400  +5.7070       +7.5872 +0.8712 -11.6570     +0.7434             +0.4400 +0.9815
   CHR 2026-06-28  +1.7500  +1.8870       -7.2602 +0.8519 -11.6646     +0.7607             +2.7778 +0.9940
  WALD 2026-06-28  +1.4800  +1.4333       +3.2582 +0.7046  -4.4832     +0.3535             +7.9861 +0.9413
  QDEL 2026-06-28 +13.5200 +12.5880       +7.4039 +0.6306  -8.9969     +0.7926             +0.5030 +0.9876
  BYAH 2026-06-28  +1.2200  +1.2230       -0.2453 +0.6020  -5.7297     +0.5288             +3.3812 +0.8746
  GELS 2026-06-28  +0.6000  +0.6302       -4.7921 +0.5868  -7.3753     +0.6983             +4.0277 +0.8836
  DERM 2026-06-28  +6.2200  +5.8760       +5.8543 +0.5837  -5.8967     +0.5612             +3.3052 +0.9485
  JZXN 2026-06-28  +1.2200  +1.1624       +4.9553 +0.5643  -4.3630     +0.4296             +6.0197 +0.9608
  LAES 2026-06-28  +3.1700  +3.1060       +2.0605 +0.5452  -4.8403     +0.4932             +5.0389 +0.9275
  TATT 2026-06-28 +43.8500 +40.1200       +9.2971 +0.5310  -6.5376     +0.6839             +1.3336 +0.9642
  AGMH 2026-06-28  +1.0400  +1.0840       -4.0590 +0.4949  -3.8522     +0.4324             +4.0607 +0.8758
   SVC 2026-06-28  +1.7000  +1.6480       +3.1553 +0.4815  -5.2515     +0.6060             +4.3699 +0.9834

=== 1w_MA20  후보 (n=31, top 20) ===
symbol  last_date     close        ma  px_vs_ma_pct   a_pct   b_pct  vertex_pos  ma_slope_last3_pct      r2
  SPRC 2026-06-28   +6.1200   +5.8959       +3.8018 +0.6174 -8.4678     +0.7620             +0.3856 +0.9821
  ATPC 2026-06-28   +3.0000   +2.8145       +6.5909 +0.5446 -7.5067     +0.7658             +1.5882 +0.9782
    CV 2026-06-28   +6.9900   +6.4132       +8.9931 +0.5254 -5.9595     +0.6302             +2.9042 +0.9682
  AQST 2026-06-28   +4.4650   +4.1278       +8.1703 +0.3298 -3.4682     +0.5842             +2.6293 +0.9432
  CRMD 2026-06-28   +7.7200   +7.4820       +3.1810 +0.3280 -3.7556     +0.6360             +0.6321 +0.9289
  GDTC 2026-06-28   +0.9900   +1.0526       -5.9516 +0.2900 -3.1894     +0.6109             +0.4437 +0.9143
  GNLX 2026-06-28   +2.9000   +2.7668       +4.8161 +0.2831 -3.4059     +0.6683             +1.4949 +0.9704
  BRLS 2026-06-28   +1.4400   +1.4505       -0.7239 +0.2744 -2.2513     +0.4558             +4.1091 +0.9420
  BRZE 2026-06-28  +19.5700  +21.1450       -7.4486 +0.2438 -3.5653     +0.8124             +0.2418 +0.9891
  HUHU 2026-06-28   +9.2100   +8.6230       +6.8074 +0.2165 -1.7323     +0.4445             +4.1803 +0.9783
   APP 2026-06-28 +445.9300 +461.2785       -3.3274 +0.2127 -2.8868     +0.7539             +0.3897 +0.9890
  RIVN 2026-06-28  +14.8600  +15.5430       -4.3943 +0.2101 -2.7926     +0.7383             +0.5922 +0.9777
  DXLG 2026-06-28   +0.6500   +0.6130       +6.0359 +0.2098 -3.1471     +0.8334             +0.3273 +0.9932
   TIL 2026-06-28   +7.4600   +8.1962       -8.9828 +0.2033 -2.3801     +0.6505             +0.0855 +0.9243
  DNUT 2026-06-28   +3.5600   +3.4970       +1.8015 +0.1840 -2.1186     +0.6397             +1.2743 +0.9394
  BYSI 2026-06-28   +1.6000   +1.5620       +2.4328 +0.1797 -2.1399     +0.6617             +0.5472 +0.9247
  PRQR 2026-06-28   +1.5650   +1.6178       -3.2607 +0.1752 -2.4862     +0.7883             +1.0462 +0.9952
   GLE 2026-06-28   +0.4210   +0.4071       +3.4144 +0.1654 -0.9612     +0.3229             +3.0763 +0.9873
  SORA 2026-06-28   +2.0600   +2.2371       -7.9165 +0.1601 -2.2701     +0.7877             +0.6977 +0.9886
  MLGO 2026-06-28   +4.0400   +4.1605       -2.8963 +0.1601 -2.1863     +0.7587             +0.2409 +0.8984

=== 1M_MA10  후보 (n=46, top 20) ===
symbol  last_date     close        ma  px_vs_ma_pct    a_pct     b_pct  vertex_pos  ma_slope_last3_pct      r2
  PLRZ 2026-06-30  +11.4200  +10.4470       +9.3137 +10.7715 -138.1870     +0.7127            +16.1811 +0.9549
  NAAS 2026-06-30   +3.0800   +3.0183       +2.0442  +3.6739  -49.0725     +0.7421             +0.1925 +0.9779
  XFOR 2026-06-30   +3.9900   +3.8740       +2.9943  +3.0713  -35.9294     +0.6499             +7.9861 +0.9458
  SIDU 2026-06-30   +2.5000   +2.3769       +5.1790  +1.6044   -9.9602     +0.3449            +26.5722 +0.9148
  KLXE 2026-06-30   +2.2600   +2.3990       -5.7941  +1.5791  -16.0646     +0.5652             +5.4969 +0.9084
  DMRC 2026-06-30   +7.2100   +7.8760       -8.4561  +1.5479  -23.0199     +0.8262             +1.6914 +0.9819
   INV 2026-06-30   +4.9850   +4.5485       +9.5966  +1.2895  -16.7731     +0.7226             +0.5416 +0.9817
  LOBO 2026-06-30   +0.7010   +0.6771       +3.5298  +1.1828  -14.0641     +0.6606            +10.0976 +0.9909
  SATL 2026-06-30   +4.5800   +4.2300       +8.2742  +1.1126   -7.2983     +0.3644            +20.1022 +0.9314
  PCVX 2026-06-30  +53.6800  +51.2790       +4.6822  +1.0254   -7.6875     +0.4165             +8.5385 +0.8634
  GERN 2026-06-30   +1.3700   +1.3830       -0.9400  +0.8594   -9.9299     +0.6419             +0.5087 +0.8625
   LVO 2026-06-30   +5.4700   +5.1990       +5.2125  +0.8594  -13.0543     +0.8439             +0.0963 +0.9815
  PRTA 2026-06-30   +9.2700   +9.8520       -5.9074  +0.7863   -7.2289     +0.5108             +4.6526 +0.8565
  CRNT 2026-06-30   +2.3800   +2.3580       +0.9330  +0.7280   -8.1080     +0.6188             +4.5676 +0.9190
  CGEN 2026-06-30   +2.0200   +1.9420       +4.0165  +0.6236   -3.6508     +0.3253            +10.1531 +0.9626
  NTIC 2026-06-30   +8.3600   +8.0970       +3.2481  +0.5501   -6.0327     +0.6092             +1.5807 +0.9026
  FEBO 2026-06-30   +0.9120   +0.9657       -5.5607  +0.5423   -6.0514     +0.6199             +2.4942 +0.8625
  XNCR 2026-06-30  +14.7400  +13.4540       +9.5585  +0.5198   -3.2287     +0.3451             +8.1772 +0.9586
  ACDC 2026-06-30   +5.7200   +5.2330       +9.3063  +0.4722   -6.8914     +0.8108             +1.5722 +0.9786
  CHRD 2026-06-30 +119.4800 +112.4390       +6.2621  +0.4679   -3.1207     +0.3705             +2.8474 +0.8805

=== 1M_MA20  후보 (n=14, top 14) ===
symbol  last_date     close        ma  px_vs_ma_pct   a_pct    b_pct  vertex_pos  ma_slope_last3_pct      r2
   MTC 2026-06-30   +2.6100   +2.4136       +8.1372 +2.7340 -30.9222     +0.6283             +4.4216 +0.9054
  RDZN 2026-06-30   +1.4500   +1.4425       +0.5234 +1.1295 -14.0067     +0.6889             +4.1894 +0.9738
  CRBU 2026-06-30   +1.5700   +1.6832       -6.7253 +0.7900 -10.1951     +0.7170             +0.0297 +0.9496
  PERI 2026-06-30   +8.7000   +9.3040       -6.4918 +0.4848  -5.5886     +0.6405             +0.6273 +0.9206
  CRSR 2026-06-30   +8.8000   +8.0205       +9.7188 +0.4177  -5.6115     +0.7464             +4.9495 +0.9583
  DXCM 2026-06-30  +68.6500  +73.3195       -6.3687 +0.3683  -5.3985     +0.8143             +0.3332 +0.9947
  ARRY 2026-06-30   +7.6900   +7.3602       +4.4801 +0.3596  -4.7292     +0.7306             +2.5354 +0.9875
  MBAI 2026-06-30   +1.1100   +1.2110       -8.3402 +0.2960  -4.5049     +0.8455             +1.4238 +0.9936
  PCRX 2026-06-30  +24.3700  +23.5055       +3.6779 +0.2700  -2.5882     +0.5326             +3.5097 +0.8722
  AYTU 2026-06-30   +2.1700   +2.0725       +4.7045 +0.1456  -1.8990     +0.7246             +0.4605 +0.9862
  ABNB 2026-06-30 +141.8800 +130.5100       +8.7120 +0.1435  -1.7486     +0.6769             +0.5234 +0.9809
  CRSP 2026-06-30  +53.9800  +49.8320       +8.3240 +0.1419  -1.4534     +0.5688             +1.7135 +0.8899
  ASLE 2026-06-30   +6.4500   +6.8930       -6.4268 +0.1221  -0.8623     +0.3924             +2.0127 +0.9597
  MATW 2026-06-30  +26.3400  +25.2590       +4.2797 +0.1167  -1.1879     +0.5654             +1.2811 +0.9505

=== US 2개 이상 조합 동시 통과 (멀티 TF 정합) ===
  DXCM          2개:  1w_MA10, 1M_MA20
  NTIC          2개:  1w_MA10, 1M_MA10
  PCRX          2개:  1w_MA20, 1M_MA20
  PERI          2개:  1d_MA20, 1M_MA20
  TBCH          2개:  1w_MA10, 1w_MA20

saved: C:\Users\user\Desktop\python_text\git\stock_total\scripts\out\_probe_granville1_all_tf_today_us.csv
