[NASDAQ ma_touch] universe=3911 symbols
  [100/3911] elapsed=2.1s  rows=92
  [200/3911] elapsed=4.3s  rows=186
  [300/3911] elapsed=6.4s  rows=274
  [400/3911] elapsed=8.7s  rows=370
  [500/3911] elapsed=10.8s  rows=463
  [600/3911] elapsed=12.9s  rows=558
  [700/3911] elapsed=15.1s  rows=654
  [800/3911] elapsed=17.6s  rows=752
  [900/3911] elapsed=20.0s  rows=846
  [1000/3911] elapsed=22.1s  rows=939
  [1100/3911] elapsed=24.1s  rows=1035
  [1200/3911] elapsed=26.1s  rows=1128
  [1300/3911] elapsed=28.3s  rows=1223
  [1400/3911] elapsed=30.4s  rows=1315
  [1500/3911] elapsed=32.4s  rows=1409
  [1600/3911] elapsed=34.2s  rows=1500
  [1700/3911] elapsed=36.2s  rows=1597
  [1800/3911] elapsed=38.1s  rows=1688
  [1900/3911] elapsed=40.0s  rows=1780
  [2000/3911] elapsed=41.8s  rows=1872
  [2100/3911] elapsed=43.7s  rows=1966
  [2200/3911] elapsed=45.6s  rows=2064
  [2300/3911] elapsed=47.6s  rows=2161
  [2400/3911] elapsed=49.5s  rows=2255
  [2500/3911] elapsed=51.4s  rows=2349
  [2600/3911] elapsed=53.3s  rows=2445
  [2700/3911] elapsed=55.2s  rows=2540
  [2800/3911] elapsed=57.2s  rows=2635
  [2900/3911] elapsed=59.1s  rows=2729
  [3000/3911] elapsed=61.0s  rows=2821
  [3100/3911] elapsed=62.8s  rows=2918
  [3200/3911] elapsed=64.9s  rows=3015
  [3300/3911] elapsed=66.8s  rows=3111
  [3400/3911] elapsed=68.6s  rows=3205
  [3500/3911] elapsed=70.5s  rows=3301
  [3600/3911] elapsed=72.6s  rows=3395
  [3700/3911] elapsed=74.7s  rows=3494
  [3800/3911] elapsed=76.6s  rows=3589
  [3900/3911] elapsed=78.3s  rows=3685
Done: 3696/3911 rows, failed=0, wall=78.5s
C:\Users\user\Desktop\python_text\git\stock_total\scripts\nasdaq\ma_touch\recommend.py:28: FutureWarning: Downcasting object dtype arrays on .fillna, .ffill, .bfill is deprecated and will change in a future version. Call result.infer_objects(copy=False) instead. To opt-in to the future behavior, set `pd.set_option('future.no_silent_downcasting', True)`
  n_full = (df.filter(regex=r"signal_ma_touch_.*_full").fillna(False).sum(axis=1) > 0).sum()
C:\Users\user\Desktop\python_text\git\stock_total\scripts\nasdaq\ma_touch\recommend.py:29: FutureWarning: Downcasting object dtype arrays on .fillna, .ffill, .bfill is deprecated and will change in a future version. Call result.infer_objects(copy=False) instead. To opt-in to the future behavior, set `pd.set_option('future.no_silent_downcasting', True)`
  n_partial = (df.filter(regex=r"signal_ma_touch_.*_partial").fillna(False).sum(axis=1) > 0).sum()
Saved 3696 rows ¡æ C:\Users\user\Desktop\python_text\git\stock_total\data\cache\us\_ma_touch.parquet
  passed_full (any TF):    251
  passed_partial (any TF): 5
