[kr] universe=948
=== Thu=2026-06-11 ===
  [2026-06-11] 100/948
  [2026-06-11] 200/948
  [2026-06-11] 300/948
  [2026-06-11] 400/948
  [2026-06-11] 500/948
  [2026-06-11] 600/948
  [2026-06-11] 700/948
  [2026-06-11] 800/948
  [2026-06-11] 900/948
Thu passers: 257
=== Fri=2026-06-12 ===
  [2026-06-12] 100/948
  [2026-06-12] 200/948
  [2026-06-12] 300/948
  [2026-06-12] 400/948
  [2026-06-12] 500/948
  [2026-06-12] 600/948
  [2026-06-12] 700/948
  [2026-06-12] 800/948
  [2026-06-12] 900/948
Fri passers: 273
